I'm sorry, but errors were detected in your script. Please correct the
errors listed below, and try again.


File "game/scripts/choices.rpy", line 395: invalid syntax
    def negotiate_default:
                          ^
    

Ren'Py Version: Ren'Py 6.99.11.1749
